src/components/layout/ProtectedRoute.tsx(3,10): error TS1484: 'ReactNode' is a type and must be imported using a type-only import when 'verbatimModuleSyntax' is enabled.
src/contexts/AuthContext.tsx(1,58): error TS1484: 'ReactNode' is a type and must be imported using a type-only import when 'verbatimModuleSyntax' is enabled.
src/contexts/AuthContext.tsx(2,10): error TS1484: 'User' is a type and must be imported using a type-only import when 'verbatimModuleSyntax' is enabled.
src/contexts/AuthContext.tsx(2,16): error TS1484: 'Session' is a type and must be imported using a type-only import when 'verbatimModuleSyntax' is enabled.
src/contexts/AuthContext.tsx(3,26): error TS2307: Cannot find module '../lib/supabase.lib' or its corresponding type declarations.
src/contexts/AuthContext.tsx(24,48): error TS7031: Binding element 'session' implicitly has an 'any' type.
src/contexts/AuthContext.tsx(33,42): error TS7006: Parameter '_event' implicitly has an 'any' type.
src/contexts/AuthContext.tsx(33,50): error TS7006: Parameter 'session' implicitly has an 'any' type.
src/pages/AdminDashboard.tsx(2,26): error TS2307: Cannot find module '../lib/supabase.lib' or its corresponding type declarations.
src/pages/Login.tsx(3,26): error TS2307: Cannot find module '../lib/supabase.lib' or its corresponding type declarations.
